Archive member included to satisfy reference by file (symbol)

/usr/lib/gcc/arm-none-eabi/4.9.3/libgcc.a(_udivsi3.o)
                              build/obj/serial_lld.o (__aeabi_uidiv)
/usr/lib/gcc/arm-none-eabi/4.9.3/libgcc.a(_dvmd_tls.o)
                              /usr/lib/gcc/arm-none-eabi/4.9.3/libgcc.a(_udivsi3.o) (__aeabi_idiv0)
/usr/lib/gcc/arm-none-eabi/4.9.3/libgcc.a(_arm_addsubdf3.o)
                              build/obj/chprintf.o (__aeabi_dsub)
/usr/lib/gcc/arm-none-eabi/4.9.3/libgcc.a(_arm_muldivdf3.o)
                              build/obj/chprintf.o (__aeabi_dmul)
/usr/lib/gcc/arm-none-eabi/4.9.3/libgcc.a(_arm_fixdfsi.o)
                              build/obj/chprintf.o (__aeabi_d2iz)
/usr/lib/gcc/arm-none-eabi/4.9.3/libgcc.a(_arm_truncdfsf2.o)
                              build/obj/chprintf.o (__aeabi_d2f)
/usr/lib/gcc/arm-none-eabi/4.9.3/libgcc.a(_arm_cmpsf2.o)
                              build/obj/chprintf.o (__aeabi_fcmplt)
/usr/lib/gcc/arm-none-eabi/4.9.3/libgcc.a(_arm_fixsfsi.o)
                              build/obj/chprintf.o (__aeabi_f2iz)
/usr/lib/gcc/arm-none-eabi/4.9.3/../../../arm-none-eabi/lib/libc.a(lib_a-strcasecmp.o)
                              build/obj/shell.o (strcasecmp)
/usr/lib/gcc/arm-none-eabi/4.9.3/../../../arm-none-eabi/lib/libc.a(lib_a-strchr.o)
                              build/obj/shell.o (strchr)
/usr/lib/gcc/arm-none-eabi/4.9.3/../../../arm-none-eabi/lib/libc.a(lib_a-strspn.o)
                              build/obj/shell.o (strspn)
/usr/lib/gcc/arm-none-eabi/4.9.3/../../../arm-none-eabi/lib/libc.a(lib_a-ctype_.o)
                              /usr/lib/gcc/arm-none-eabi/4.9.3/../../../arm-none-eabi/lib/libc.a(lib_a-strcasecmp.o) (__ctype_ptr__)

Allocating common symbols
Common symbol       size              file

test_timer_done     0x4               build/obj/test.o
I2C0                0x40              build/obj/i2c_lld.o
IOPORT1             0x18              build/obj/pal_lld.o
IOPORT0             0x18              build/obj/pal_lld.o
threads             0x14              build/obj/test.o
shell_terminated    0x4               build/obj/shell.o
SPI0                0x28              build/obj/spi_lld.o
test                0x578             build/obj/test.o
vtlist              0x10              build/obj/chvt.o
rlist               0x1c              build/obj/chschd.o
_idle_thread_wa     0x9c              build/obj/chsys.o
SD1                 0x74              build/obj/serial_lld.o

Discarded input sections

 .data          0x0000000000000000        0x0 build/obj/crt0.o
 .bss           0x0000000000000000        0x0 build/obj/crt0.o
 .data          0x0000000000000000        0x0 build/obj/chcoreasm.o
 .bss           0x0000000000000000        0x0 build/obj/chcoreasm.o
 .data          0x0000000000000000        0x0 build/obj/vectors.o
 .bss           0x0000000000000000        0x0 build/obj/vectors.o
 .text          0x0000000000000000        0x0 build/obj/chcore.o
 .data          0x0000000000000000        0x0 build/obj/chcore.o
 .bss           0x0000000000000000        0x0 build/obj/chcore.o
 .text.port_halt
                0x0000000000000000       0x18 build/obj/chcore.o
 .debug_info    0x0000000000000000       0x8b build/obj/chcore.o
 .debug_abbrev  0x0000000000000000       0x42 build/obj/chcore.o
 .debug_aranges
                0x0000000000000000       0x20 build/obj/chcore.o
 .debug_ranges  0x0000000000000000       0x10 build/obj/chcore.o
 .debug_line    0x0000000000000000       0x55 build/obj/chcore.o
 .debug_str     0x0000000000000000      0x18b build/obj/chcore.o
 .comment       0x0000000000000000       0x39 build/obj/chcore.o
 .debug_frame   0x0000000000000000       0x20 build/obj/chcore.o
 .ARM.attributes
                0x0000000000000000       0x37 build/obj/chcore.o
 .text          0x0000000000000000        0x0 build/obj/chsys.o
 .data          0x0000000000000000        0x0 build/obj/chsys.o
 .bss           0x0000000000000000        0x0 build/obj/chsys.o
 .text          0x0000000000000000        0x0 build/obj/chdebug.o
 .data          0x0000000000000000        0x0 build/obj/chdebug.o
 .bss           0x0000000000000000        0x0 build/obj/chdebug.o
 .debug_info    0x0000000000000000       0x72 build/obj/chdebug.o
 .debug_abbrev  0x0000000000000000       0x26 build/obj/chdebug.o
 .debug_aranges
                0x0000000000000000       0x18 build/obj/chdebug.o
 .debug_line    0x0000000000000000       0x1d build/obj/chdebug.o
 .debug_str     0x0000000000000000      0x17f build/obj/chdebug.o
 .comment       0x0000000000000000       0x39 build/obj/chdebug.o
 .ARM.attributes
                0x0000000000000000       0x37 build/obj/chdebug.o
 .text          0x0000000000000000        0x0 build/obj/chlists.o
 .data          0x0000000000000000        0x0 build/obj/chlists.o
 .bss           0x0000000000000000        0x0 build/obj/chlists.o
 .debug_info    0x0000000000000000       0x72 build/obj/chlists.o
[...]
Memory Configuration

Name             Origin             Length             Attributes
ram              0x0000000000008000 0x0000000005ffffe0
*default*        0x0000000000000000 0xffffffffffffffff

Linker script and memory map

LOAD build/obj/crt0.o
LOAD build/obj/chcoreasm.o
LOAD build/obj/vectors.o
LOAD build/obj/chcore.o
LOAD build/obj/chsys.o
LOAD build/obj/chdebug.o
LOAD build/obj/chlists.o
LOAD build/obj/chvt.o
LOAD build/obj/chschd.o
LOAD build/obj/chthreads.o
LOAD build/obj/chdynamic.o
LOAD build/obj/chregistry.o
LOAD build/obj/chsem.o
LOAD build/obj/chmtx.o
LOAD build/obj/chcond.o
LOAD build/obj/chevents.o
LOAD build/obj/chmsg.o
LOAD build/obj/chmboxes.o
LOAD build/obj/chqueues.o
LOAD build/obj/chmemcore.o
LOAD build/obj/chheap.o
LOAD build/obj/chmempools.o
LOAD build/obj/test.o
LOAD build/obj/testthd.o
LOAD build/obj/testsem.o
LOAD build/obj/testmtx.o
LOAD build/obj/testmsg.o
LOAD build/obj/testmbox.o
LOAD build/obj/testevt.o
LOAD build/obj/testheap.o
LOAD build/obj/testpools.o
LOAD build/obj/testdyn.o
LOAD build/obj/testqueues.o
LOAD build/obj/testbmk.o
LOAD build/obj/hal.o
LOAD build/obj/adc.o
LOAD build/obj/can.o
LOAD build/obj/ext.o
LOAD build/obj/gpt.o
LOAD build/obj/i2c.o
LOAD build/obj/icu.o
LOAD build/obj/mac.o
LOAD build/obj/mmc_spi.o
LOAD build/obj/mmcsd.o
LOAD build/obj/pal.o
LOAD build/obj/pwm.o
LOAD build/obj/rtc.o
LOAD build/obj/sdc.o
LOAD build/obj/serial.o
LOAD build/obj/serial_usb.o
LOAD build/obj/spi.o
LOAD build/obj/tm.o
LOAD build/obj/uart.o
LOAD build/obj/usb.o
LOAD build/obj/hal_lld.o
LOAD build/obj/pal_lld.o
LOAD build/obj/serial_lld.o
LOAD build/obj/i2c_lld.o
LOAD build/obj/spi_lld.o
LOAD build/obj/gpt_lld.o
LOAD build/obj/pwm_lld.o
LOAD build/obj/bcm2835.o
LOAD build/obj/board.o
LOAD build/obj/shell.o
LOAD build/obj/chprintf.o
LOAD build/obj/main.o
START GROUP
LOAD /usr/lib/gcc/arm-none-eabi/4.9.3/libgcc.a
LOAD /usr/lib/gcc/arm-none-eabi/4.9.3/../../../arm-none-eabi/lib/libc.a
END GROUP
                0x0000000000000004                __und_stack_size__ = 0x4
                0x0000000000000004                __abt_stack_size__ = 0x4
                0x0000000000000010                __fiq_stack_size__ = 0x10
                0x0000000000000080                __irq_stack_size__ = 0x80
                0x0000000000000004                __svc_stack_size__ = 0x4
                0x0000000000000400                __sys_stack_size__ = 0x400
                0x000000000000049c                __stacks_total_size__ = (((((__und_stack_size__ + __abt_stack_size__) + __fiq_stack_size__) + __irq_stack_size__) + __svc_stack_size__) + __sys_stack_size__)
                0x0000000000008000                __ram_start__ = ORIGIN (ram)
                0x0000000005ffffe0                __ram_size__ = LENGTH (ram)
                0x0000000006007fe0                __ram_end__ = (__ram_start__ + __ram_size__)
                0x0000000000000000                . = 0x0

.text           0x0000000000008000     0x40f4
                0x0000000000008000                _text = .
 *(vectors)
 vectors        0x0000000000008000       0x40 build/obj/vectors.o
 *(.text)
 .text          0x0000000000008040       0xa8 build/obj/crt0.o
                0x0000000000008040                ResetHandler
                0x00000000000080c0                _main_exit_handler
 *fill*         0x00000000000080e8        0x8 
 .text          0x00000000000080f0       0x84 build/obj/chcoreasm.o
                0x00000000000080f0                _port_switch_arm
                0x0000000000008100                _port_irq_common
                0x0000000000008160                _port_thread_start
 *fill*         0x0000000000008174        0xc 
 .text          0x0000000000008180       0x38 build/obj/vectors.o
                0x0000000000008180                UndHandler
                0x0000000000008180                PrefetchHandler
                0x0000000000008180                AbortHandler
                0x0000000000008180                _unhandled_exception
                0x0000000000008180                SwiHandler
                0x0000000000008180                FiqHandler
                0x0000000000008184                __early_init
                0x00000000000081a0                arm_enable_irq
                0x00000000000081b0                get_cpsr
 *fill*         0x00000000000081b8        0x8 
 .text          0x00000000000081c0      0x114 /usr/lib/gcc/arm-none-eabi/4.9.3/libgcc.a(_udivsi3.o)
                0x00000000000081c0                __udivsi3
                0x00000000000081c0                __aeabi_uidiv
                0x00000000000082b4                __aeabi_uidivmod
 *fill*         0x00000000000082d4        0xc 
 .text          0x00000000000082e0        0x4 /usr/lib/gcc/arm-none-eabi/4.9.3/libgcc.a(_dvmd_tls.o)
                0x00000000000082e0                __aeabi_ldiv0
                0x00000000000082e0                __aeabi_idiv0
 *fill*         0x00000000000082e4        0xc 
 .text          0x00000000000082f0      0x41c /usr/lib/gcc/arm-none-eabi/4.9.3/libgcc.a(_arm_addsubdf3.o)
                0x00000000000082f0                __aeabi_drsub
                0x00000000000082f8                __aeabi_dsub
                0x00000000000082f8                __subdf3
                0x00000000000082fc                __adddf3
                0x00000000000082fc                __aeabi_dadd
                0x000000000000860c                __aeabi_ui2d
                0x000000000000860c                __floatunsidf
                0x0000000000008630                __floatsidf
                0x0000000000008630                __aeabi_i2d
                0x0000000000008658                __extendsfdf2
                0x0000000000008658                __aeabi_f2d
                0x0000000000008698                __aeabi_ul2d
                0x0000000000008698                __floatundidf
                0x00000000000086ac                __floatdidf
                0x00000000000086ac                __aeabi_l2d
 *fill*         0x000000000000870c        0x4 
 .text          0x0000000000008710      0x49c /usr/lib/gcc/arm-none-eabi/4.9.3/libgcc.a(_arm_muldivdf3.o)
                0x0000000000008710                __aeabi_dmul
                0x0000000000008710                __muldf3
                0x00000000000089a0                __aeabi_ddiv
                0x00000000000089a0                __divdf3
 *fill*         0x0000000000008bac        0x4 
 .text          0x0000000000008bb0       0x5c /usr/lib/gcc/arm-none-eabi/4.9.3/libgcc.a(_arm_fixdfsi.o)
                0x0000000000008bb0                __fixdfsi
                0x0000000000008bb0                __aeabi_d2iz
 *fill*         0x0000000000008c0c        0x4 
 .text          0x0000000000008c10       0xa0 /usr/lib/gcc/arm-none-eabi/4.9.3/libgcc.a(_arm_truncdfsf2.o)
                0x0000000000008c10                __aeabi_d2f
                0x0000000000008c10                __truncdfsf2
 .text          0x0000000000008cb0      0x114 /usr/lib/gcc/arm-none-eabi/4.9.3/libgcc.a(_arm_cmpsf2.o)
                0x0000000000008cb0                __gtsf2
                0x0000000000008cb0                __gesf2
                0x0000000000008cb8                __lesf2
                0x0000000000008cb8                __ltsf2
                0x0000000000008cc0                __nesf2
                0x0000000000008cc0                __eqsf2
                0x0000000000008cc0                __cmpsf2
                0x0000000000008d24                __aeabi_cfrcmple
                0x0000000000008d34                __aeabi_cfcmple
                0x0000000000008d34                __aeabi_cfcmpeq
                0x0000000000008d4c                __aeabi_fcmpeq
                0x0000000000008d64                __aeabi_fcmplt
                0x0000000000008d7c                __aeabi_fcmple
                0x0000000000008d94                __aeabi_fcmpge
                0x0000000000008dac                __aeabi_fcmpgt
 *fill*         0x0000000000008dc4        0xc 
 .text          0x0000000000008dd0       0x5c /usr/lib/gcc/arm-none-eabi/4.9.3/libgcc.a(_arm_fixsfsi.o)
                0x0000000000008dd0                __fixsfsi
                0x0000000000008dd0                __aeabi_f2iz
 *(.text.*)
 *fill*         0x0000000000008e2c        0x4 
 .text._idle_thread
                0x0000000000008e30       0x20 build/obj/chsys.o
                0x0000000000008e30                _idle_thread
 .text.chSysInit
                0x0000000000008e50       0x78 build/obj/chsys.o
                0x0000000000008e50                chSysInit
 *fill*         0x0000000000008ec8        0x8 
 .text.chSysTimerHandlerI
                0x0000000000008ed0       0x90 build/obj/chsys.o
                0x0000000000008ed0                chSysTimerHandlerI
 .text._vt_init
                0x0000000000008f60       0x24 build/obj/chvt.o
                0x0000000000008f60                _vt_init
 *fill*         0x0000000000008f84        0xc 
 .text.chVTSetI
                0x0000000000008f90       0x60 build/obj/chvt.o
                0x0000000000008f90                chVTSetI
 .text.chVTResetI
                0x0000000000008ff0       0x3c build/obj/chvt.o
                0x0000000000008ff0                chVTResetI
 *fill*         0x000000000000902c        0x4 
 .text.wakeup   0x0000000000009030       0xac build/obj/chschd.o
 *fill*         0x00000000000090dc        0x4 
 .text._scheduler_init
                0x00000000000090e0       0x24 build/obj/chschd.o
                0x00000000000090e0                _scheduler_init
 *fill*         0x0000000000009104        0xc 
 .text.chSchReadyI
                0x0000000000009110       0x44 build/obj/chschd.o
                0x0000000000009110                chSchReadyI
 *fill*         0x0000000000009154        0xc 
 .text.chSchGoSleepS
                0x0000000000009160       0x44 build/obj/chschd.o
                0x0000000000009160                chSchGoSleepS
 *fill*         0x00000000000091a4        0xc 
 .text.chSchGoSleepTimeoutS
                0x00000000000091b0       0x74 build/obj/chschd.o
                0x00000000000091b0                chSchGoSleepTimeoutS
 *fill*         0x0000000000009224        0xc 
 .text.chSchWakeupS
                0x0000000000009230       0xa0 build/obj/chschd.o
                0x0000000000009230                chSchWakeupS
 .text.chSchIsPreemptionRequired
                0x00000000000092d0       0x44 build/obj/chschd.o
                0x00000000000092d0                chSchIsPreemptionRequired
 *fill*         0x0000000000009314        0xc 
 .text.chSchDoRescheduleBehind
                0x0000000000009320       0x78 build/obj/chschd.o
                0x0000000000009320                chSchDoRescheduleBehind
 *fill*         0x0000000000009398        0x8 
 .text.chSchDoRescheduleAhead
                0x00000000000093a0       0x70 build/obj/chschd.o
                0x00000000000093a0                chSchDoRescheduleAhead
 .text.chSchDoReschedule
                0x0000000000009410       0x20 build/obj/chschd.o
                0x0000000000009410                chSchDoReschedule
 .text._thread_init
                0x0000000000009430       0x70 build/obj/chthreads.o
                0x0000000000009430                _thread_init
 .text.chThdCreateI
                0x00000000000094a0       0x94 build/obj/chthreads.o
                0x00000000000094a0                chThdCreateI
 *fill*         0x0000000000009534        0xc 
 .text.chThdCreateStatic
                0x0000000000009540       0xac build/obj/chthreads.o
                0x0000000000009540                chThdCreateStatic
 *fill*         0x00000000000095ec        0x4 
 .text.chThdSleep
                0x00000000000095f0       0x1c build/obj/chthreads.o
                0x00000000000095f0                chThdSleep
 *fill*         0x000000000000960c        0x4 
 .text.chThdExitS
                0x0000000000009610       0x6c build/obj/chthreads.o
                0x0000000000009610                chThdExitS
 *fill*         0x000000000000967c        0x4 
 .text.chThdExit
                0x0000000000009680        0x8 build/obj/chthreads.o
                0x0000000000009680                chThdExit
 *fill*         0x0000000000009688        0x8 
 .text.chThdWait
                0x0000000000009690       0x50 build/obj/chthreads.o
                0x0000000000009690                chThdWait
 .text.chThdRelease
                0x00000000000096e0       0x54 build/obj/chdynamic.o
                0x00000000000096e0                chThdRelease
 *fill*         0x0000000000009734        0xc 
 .text.chThdCreateFromHeap
                0x0000000000009740       0x68 build/obj/chdynamic.o
                0x0000000000009740                chThdCreateFromHeap
 *fill*         0x00000000000097a8        0x8 
 .text.chMtxInit
                0x00000000000097b0       0x14 build/obj/chmtx.o
                0x00000000000097b0                chMtxInit
 *fill*         0x00000000000097c4        0xc 
 .text.chMtxLockS
                0x00000000000097d0      0x17c build/obj/chmtx.o
                0x00000000000097d0                chMtxLockS
 *fill*         0x000000000000994c        0x4 
 .text.chMtxLock
                0x0000000000009950       0x14 build/obj/chmtx.o
                0x0000000000009950                chMtxLock
 *fill*         0x0000000000009964        0xc 
 .text.chMtxUnlock
                0x0000000000009970       0xa0 build/obj/chmtx.o
                0x0000000000009970                chMtxUnlock
 .text.chEvtSignalI
                0x0000000000009a10       0x54 build/obj/chevents.o
                0x0000000000009a10                chEvtSignalI
 *fill*         0x0000000000009a64        0xc 
 .text.chEvtBroadcastFlagsI
                0x0000000000009a70       0x40 build/obj/chevents.o
                0x0000000000009a70                chEvtBroadcastFlagsI
 .text.qwait    0x0000000000009ab0       0x3c build/obj/chqueues.o
 *fill*         0x0000000000009aec        0x4 
 .text.chIQInit
                0x0000000000009af0       0x38 build/obj/chqueues.o
                0x0000000000009af0                chIQInit
 *fill*         0x0000000000009b28        0x8 
 .text.chIQPutI
                0x0000000000009b30       0x88 build/obj/chqueues.o
                0x0000000000009b30                chIQPutI
 *fill*         0x0000000000009bb8        0x8 
 .text.chIQGetTimeout
                0x0000000000009bc0       0x74 build/obj/chqueues.o
                0x0000000000009bc0                chIQGetTimeout
 *fill*         0x0000000000009c34        0xc 
 .text.chIQReadTimeout
                0x0000000000009c40       0xa8 build/obj/chqueues.o
                0x0000000000009c40                chIQReadTimeout
 *fill*         0x0000000000009ce8        0x8 
 .text.chOQInit
                0x0000000000009cf0       0x34 build/obj/chqueues.o
                0x0000000000009cf0                chOQInit
 *fill*         0x0000000000009d24        0xc 
 .text.chOQPutTimeout
                0x0000000000009d30       0x8c build/obj/chqueues.o
                0x0000000000009d30                chOQPutTimeout
 *fill*         0x0000000000009dbc        0x4 
 .text.chOQGetI
                0x0000000000009dc0       0x80 build/obj/chqueues.o
                0x0000000000009dc0                chOQGetI
 .text.chOQWriteTimeout
                0x0000000000009e40       0xac build/obj/chqueues.o
                0x0000000000009e40                chOQWriteTimeout
 *fill*         0x0000000000009eec        0x4 
 .text._core_init
                0x0000000000009ef0       0x34 build/obj/chmemcore.o
                0x0000000000009ef0                _core_init
 *fill*         0x0000000000009f24        0xc 
 .text.chCoreAlloc
                0x0000000000009f30       0x44 build/obj/chmemcore.o
                0x0000000000009f30                chCoreAlloc
 *fill*         0x0000000000009f74        0xc 
 .text._heap_init
                0x0000000000009f80       0x28 build/obj/chheap.o
                0x0000000000009f80                _heap_init
 *fill*         0x0000000000009fa8        0x8 
 .text.chHeapAlloc
                0x0000000000009fb0       0xd4 build/obj/chheap.o
                0x0000000000009fb0                chHeapAlloc
 *fill*         0x000000000000a084        0xc 
 .text.chHeapFree
                0x000000000000a090       0xbc build/obj/chheap.o
                0x000000000000a090                chHeapFree
 *fill*         0x000000000000a14c        0x4 
 .text.halInit  0x000000000000a150       0x2c build/obj/hal.o
                0x000000000000a150                halInit
 *fill*         0x000000000000a17c        0x4 
 .text.i2cInit  0x000000000000a180        0x4 build/obj/i2c.o
                0x000000000000a180                i2cInit
 *fill*         0x000000000000a184        0xc 
 .text.i2cObjectInit
                0x000000000000a190       0x18 build/obj/i2c.o
                0x000000000000a190                i2cObjectInit
 *fill*         0x000000000000a1a8        0x8 
 .text.readt    0x000000000000a1b0        0x8 build/obj/serial.o
 *fill*         0x000000000000a1b8        0x8 
 .text.read     0x000000000000a1c0        0xc build/obj/serial.o
 *fill*         0x000000000000a1cc        0x4 
 .text.writet   0x000000000000a1d0        0x8 build/obj/serial.o
 *fill*         0x000000000000a1d8        0x8 
 .text.write    0x000000000000a1e0        0xc build/obj/serial.o
 *fill*         0x000000000000a1ec        0x4 
 .text.gett     0x000000000000a1f0        0x8 build/obj/serial.o
 *fill*         0x000000000000a1f8        0x8 
 .text.get      0x000000000000a200        0xc build/obj/serial.o
 *fill*         0x000000000000a20c        0x4 
 .text.putt     0x000000000000a210        0x8 build/obj/serial.o
 *fill*         0x000000000000a218        0x8 
 .text.put      0x000000000000a220        0xc build/obj/serial.o
 *fill*         0x000000000000a22c        0x4 
 .text.sdInit   0x000000000000a230        0x4 build/obj/serial.o
                0x000000000000a230                sdInit
 *fill*         0x000000000000a234        0xc 
 .text.sdObjectInit
                0x000000000000a240       0x60 build/obj/serial.o
                0x000000000000a240                sdObjectInit
 .text.sdStart  0x000000000000a2a0       0x20 build/obj/serial.o
                0x000000000000a2a0                sdStart
 .text.sdIncomingDataI
                0x000000000000a2c0       0x4c build/obj/serial.o
                0x000000000000a2c0                sdIncomingDataI
 *fill*         0x000000000000a30c        0x4 
 .text.sdRequestDataI
                0x000000000000a310       0x34 build/obj/serial.o
                0x000000000000a310                sdRequestDataI
 *fill*         0x000000000000a344        0xc 
 .text.spiInit  0x000000000000a350        0x4 build/obj/spi.o
                0x000000000000a350                spiInit
 *fill*         0x000000000000a354        0xc 
 .text.spiObjectInit
                0x000000000000a360       0x1c build/obj/spi.o
                0x000000000000a360                spiObjectInit
 *fill*         0x000000000000a37c        0x4 
 .text.tm_start
                0x000000000000a380       0x14 build/obj/tm.o
 *fill*         0x000000000000a394        0xc 
 .text.tm_stop  0x000000000000a3a0       0x48 build/obj/tm.o
 *fill*         0x000000000000a3e8        0x8 
 .text.tmInit   0x000000000000a3f0       0x64 build/obj/tm.o
                0x000000000000a3f0                tmInit
 *fill*         0x000000000000a454        0xc 
 .text.IrqHandler
                0x000000000000a460       0x40 build/obj/hal_lld.o
                0x000000000000a460                IrqHandler
 .text.hal_lld_init
                0x000000000000a4a0       0x50 build/obj/hal_lld.o
                0x000000000000a4a0                hal_lld_init
 .text.watchdog_start
                0x000000000000a4f0       0x34 build/obj/hal_lld.o
                0x000000000000a4f0                watchdog_start
 *fill*         0x000000000000a524        0xc 
 .text.set_gpio_in.isra.0
                0x000000000000a530       0x50 build/obj/pal_lld.o
 .text.set_gpio_pud.isra.1
                0x000000000000a580       0x44 build/obj/pal_lld.o
 *fill*         0x000000000000a5c4        0xc 
 .text._pal_lld_init
                0x000000000000a5d0       0x8c build/obj/pal_lld.o
                0x000000000000a5d0                _pal_lld_init
 *fill*         0x000000000000a65c        0x4 
 .text._pal_lld_setgroupmode
                0x000000000000a660       0xe0 build/obj/pal_lld.o
                0x000000000000a660                _pal_lld_setgroupmode
 .text._pal_lld_writeport
                0x000000000000a740       0x1c build/obj/pal_lld.o
                0x000000000000a740                _pal_lld_writeport
 *fill*         0x000000000000a75c        0x4 
 .text.output_notify
                0x000000000000a760       0x18 build/obj/serial_lld.o
 *fill*         0x000000000000a778        0x8 
 .text.sd_lld_serve_interrupt
                0x000000000000a780       0xac build/obj/serial_lld.o
                0x000000000000a780                sd_lld_serve_interrupt
 *fill*         0x000000000000a82c        0x4 
 .text.sd_lld_init
                0x000000000000a830       0x18 build/obj/serial_lld.o
                0x000000000000a830                sd_lld_init
 *fill*         0x000000000000a848        0x8 
 .text.sd_lld_start
                0x000000000000a850       0xc4 build/obj/serial_lld.o
                0x000000000000a850                sd_lld_start
 *fill*         0x000000000000a914        0xc 
 .text.i2c_lld_serve_interrupt
                0x000000000000a920      0x164 build/obj/i2c_lld.o
                0x000000000000a920                i2c_lld_serve_interrupt
 *fill*         0x000000000000aa84        0xc 
 .text.i2c_lld_init
                0x000000000000aa90       0x1c build/obj/i2c_lld.o
                0x000000000000aa90                i2c_lld_init
 *fill*         0x000000000000aaac        0x4 
 .text.spi_lld_serve_interrupt
                0x000000000000aab0      0x19c build/obj/spi_lld.o
                0x000000000000aab0                spi_lld_serve_interrupt
 *fill*         0x000000000000ac4c        0x4 
 .text.spi_lld_init
                0x000000000000ac50        0xc build/obj/spi_lld.o
                0x000000000000ac50                spi_lld_init
 *fill*         0x000000000000ac5c        0x4 
 .text.bcm2835_gpio_fnsel
                0x000000000000ac60       0x4c build/obj/bcm2835.o
                0x000000000000ac60                bcm2835_gpio_fnsel
 *fill*         0x000000000000acac        0x4 
 .text.bcm2835_delay
                0x000000000000acb0       0x3c build/obj/bcm2835.o
                0x000000000000acb0                bcm2835_delay
 *fill*         0x000000000000acec        0x4 
 .text.boardInit
                0x000000000000acf0        0x4 build/obj/board.o
                0x000000000000acf0                boardInit
 *fill*         0x000000000000acf4        0xc 
 .text.cmd_systime
                0x000000000000ad00       0x34 build/obj/shell.o
 *fill*         0x000000000000ad34        0xc 
 .text.cmd_info
                0x000000000000ad40       0xe8 build/obj/shell.o
 *fill*         0x000000000000ae28        0x8 
 .text._strtok.constprop.2
                0x000000000000ae30       0x74 build/obj/shell.o
 *fill*         0x000000000000aea4        0xc 
 .text.shellInit
                0x000000000000aeb0       0x10 build/obj/shell.o
                0x000000000000aeb0                shellInit
 .text.shellCreate
                0x000000000000aec0       0x24 build/obj/shell.o
                0x000000000000aec0                shellCreate
 *fill*         0x000000000000aee4        0xc 
 .text.shellGetLine
                0x000000000000aef0      0x118 build/obj/shell.o
                0x000000000000aef0                shellGetLine
 *fill*         0x000000000000b008        0x8 
 .text.shell_thread
                0x000000000000b010      0x29c build/obj/shell.o
 *fill*         0x000000000000b2ac        0x4 
 .text.long_to_string_with_divisor
                0x000000000000b2b0       0x90 build/obj/chprintf.o
 .text.chprintf
                0x000000000000b340      0x694 build/obj/chprintf.o
                0x000000000000b340                chprintf
 *fill*         0x000000000000b9d4        0xc 
 .text.Thread1  0x000000000000b9e0       0x58 build/obj/main.o
 *fill*         0x000000000000ba38        0x8 
 .text.cmd_reboot
                0x000000000000ba40       0x1c build/obj/main.o
 *fill*         0x000000000000ba5c        0x4 
 .text.startup.main
                0x000000000000ba60       0xa4 build/obj/main.o
                0x000000000000ba60                main
 *fill*         0x000000000000bb04        0xc 
 .text.strcasecmp
                0x000000000000bb10       0x6c /usr/lib/gcc/arm-none-eabi/4.9.3/../../../arm-none-eabi/lib/libc.a(lib_a-strcasecmp.o)
                0x000000000000bb10                strcasecmp
 *fill*         0x000000000000bb7c        0x4 
 .text.strchr   0x000000000000bb80      0x160 /usr/lib/gcc/arm-none-eabi/4.9.3/../../../arm-none-eabi/lib/libc.a(lib_a-strchr.o)
                0x000000000000bb80                strchr
 .text.strspn   0x000000000000bce0       0x70 /usr/lib/gcc/arm-none-eabi/4.9.3/../../../arm-none-eabi/lib/libc.a(lib_a-strspn.o)
                0x000000000000bce0                strspn
 *(.rodata)
 .rodata        0x000000000000bd50        0x4 build/obj/shell.o
 *(.rodata.*)
 *fill*         0x000000000000bd54        0xc 
 .rodata.str1.4
                0x000000000000bd60        0x5 build/obj/chsys.o
 *fill*         0x000000000000bd65        0xb 
 .rodata.ch_debug
                0x000000000000bd70       0x16 build/obj/chregistry.o
                0x000000000000bd70                ch_debug
 *fill*         0x000000000000bd86        0xa 
 .rodata.vmt    0x000000000000bd90       0x20 build/obj/serial.o
 .rodata.default_config
                0x000000000000bdb0        0x4 build/obj/serial_lld.o
 *fill*         0x000000000000bdb4        0xc 
 .rodata.pal_default_config
                0x000000000000bdc0        0x0 build/obj/board.o
                0x000000000000bdc0                pal_default_config
 .rodata.str1.4
                0x000000000000bdc0      0x1b5 build/obj/shell.o
                                        0x1b9 (size before relaxing)
 *fill*         0x000000000000bf75        0xb 
 .rodata.str1.4
                0x000000000000bf80        0x7 build/obj/chprintf.o
 *fill*         0x000000000000bf87        0x9 
 .rodata.commands
                0x000000000000bf90       0x10 build/obj/main.o
 .rodata.str1.4
                0x000000000000bfa0       0x38 build/obj/main.o
                                         0x37 (size before relaxing)
 *fill*         0x000000000000bfd8        0x8 
 .rodata.shell_config
                0x000000000000bfe0        0x8 build/obj/main.o
 *fill*         0x000000000000bfe8        0x8 
 .rodata._ctype_
                0x000000000000bff0      0x104 /usr/lib/gcc/arm-none-eabi/4.9.3/../../../arm-none-eabi/lib/libc.a(lib_a-ctype_.o)
                0x000000000000bff0                _ctype_
 *(.glue_7t)
 .glue_7t       0x000000000000c0f4        0x0 linker stubs
 *(.glue_7)
 .glue_7        0x000000000000c0f4        0x0 linker stubs
 *(.gcc*)
 *(.ctors)
 *(.dtors)

.vfp11_veneer   0x000000000000c0f4        0x0
 .vfp11_veneer  0x000000000000c0f4        0x0 linker stubs

.v4_bx          0x000000000000c0f4        0x0
 .v4_bx         0x000000000000c0f4        0x0 linker stubs

.iplt           0x000000000000c0f4        0x0
 .iplt          0x000000000000c0f4        0x0 build/obj/crt0.o

.rel.dyn        0x000000000000c0f4        0x0
 .rel.iplt      0x000000000000c0f4        0x0 build/obj/crt0.o

.ARM.extab
 *(.ARM.extab* .gnu.linkonce.armextab.*)
                0x000000000000c0f4                __exidx_start = .

.ARM.exidx
 *(.ARM.exidx* .gnu.linkonce.armexidx.*)
                0x000000000000c0f4                __exidx_end = .

.eh_frame_hdr
 *(.eh_frame_hdr)

.eh_frame
 *(.eh_frame)
                0x000000000000c0f4                . = ALIGN (0x4)
                0x000000000000c0f4                _etext = .
                0x000000000000c0f4                _textdata = _etext

.data           0x000000000000c0f4       0x1c
                0x000000000000c0f4                _data = .
 *(.data)
                0x000000000000c0f4                . = ALIGN (0x4)
 *(.data.*)
 .data.local_commands
                0x000000000000c0f4       0x18 build/obj/shell.o
 .data.__ctype_ptr__
                0x000000000000c10c        0x4 /usr/lib/gcc/arm-none-eabi/4.9.3/../../../arm-none-eabi/lib/libc.a(lib_a-ctype_.o)
                0x000000000000c10c                __ctype_ptr__
                0x000000000000c110                . = ALIGN (0x4)
 *(.ramtext)
                0x000000000000c110                . = ALIGN (0x4)
                0x000000000000c110                _edata = .

.igot.plt       0x000000000000c110        0x0
 .igot.plt      0x000000000000c110        0x0 build/obj/crt0.o

.bss            0x000000000000c110      0x35c
                0x000000000000c110                _bss_start = .
 *(.bss)
                0x000000000000c110                . = ALIGN (0x4)
 *(.bss.*)
 .bss.mainthread.4699
                0x000000000000c110       0x44 build/obj/chsys.o
 .bss.endmem    0x000000000000c154        0x4 build/obj/chmemcore.o
 .bss.nextmem   0x000000000000c158        0x4 build/obj/chmemcore.o
 .bss.default_heap
                0x000000000000c15c       0x1c build/obj/chheap.o
 .bss.measurement_offset
                0x000000000000c178        0x4 build/obj/tm.o
 .bss.waThread1
                0x000000000000c17c      0x118 build/obj/main.o
                0x000000000000c294                . = ALIGN (0x4)
 *(COMMON)
 COMMON         0x000000000000c294       0x9c build/obj/chsys.o
                0x000000000000c294                _idle_thread_wa
 COMMON         0x000000000000c330       0x10 build/obj/chvt.o
                0x000000000000c330                vtlist
 COMMON         0x000000000000c340       0x1c build/obj/chschd.o
                0x000000000000c340                rlist
 COMMON         0x000000000000c35c       0x30 build/obj/pal_lld.o
                0x000000000000c35c                IOPORT1
                0x000000000000c374                IOPORT0
 COMMON         0x000000000000c38c       0x74 build/obj/serial_lld.o
                0x000000000000c38c                SD1
 COMMON         0x000000000000c400       0x40 build/obj/i2c_lld.o
                0x000000000000c400                I2C0
 COMMON         0x000000000000c440       0x28 build/obj/spi_lld.o
                0x000000000000c440                SPI0
 COMMON         0x000000000000c468        0x4 build/obj/shell.o
                0x000000000000c468                shell_terminated
                0x000000000000c46c                . = ALIGN (0x4)
                0x000000000000c46c                _bss_end = .
                [!provide]                        PROVIDE (end, .)
                0x000000000000c46c                _end = .
                0x000000000000c46c                __heap_base__ = _end
                0x0000000006007b44                __heap_end__ = (__ram_end__ - __stacks_total_size__)
                0x0000000006007b44                __main_thread_stack_base__ = (__ram_end__ - __stacks_total_size__)
OUTPUT(build/ch.elf elf32-littlearm)

.ARM.attributes
                0x0000000000000000       0x33
 .ARM.attributes
                0x0000000000000000       0x25 build/obj/crt0.o
 .ARM.attributes
                0x0000000000000025       0x25 build/obj/chcoreasm.o
 .ARM.attributes
                0x000000000000004a       0x25 build/obj/vectors.o
 .ARM.attributes
                0x000000000000006f       0x37 build/obj/chsys.o
 .ARM.attributes
                0x00000000000000a6       0x37 build/obj/chvt.o
 .ARM.attributes
                0x00000000000000dd       0x37 build/obj/chschd.o
 .ARM.attributes
                0x0000000000000114       0x37 build/obj/chthreads.o
 .ARM.attributes
                0x000000000000014b       0x37 build/obj/chdynamic.o
 .ARM.attributes
                0x0000000000000182       0x37 build/obj/chregistry.o
 .ARM.attributes
                0x00000000000001b9       0x37 build/obj/chmtx.o
 .ARM.attributes
                0x00000000000001f0       0x37 build/obj/chevents.o
 .ARM.attributes
                0x0000000000000227       0x37 build/obj/chqueues.o
 .ARM.attributes
                0x000000000000025e       0x37 build/obj/chmemcore.o
 .ARM.attributes
                0x0000000000000295       0x37 build/obj/chheap.o
 .ARM.attributes
                0x00000000000002cc       0x37 build/obj/hal.o
 .ARM.attributes
                0x0000000000000303       0x37 build/obj/i2c.o
 .ARM.attributes
                0x000000000000033a       0x37 build/obj/serial.o
 .ARM.attributes
                0x0000000000000371       0x37 build/obj/spi.o
 .ARM.attributes
                0x00000000000003a8       0x37 build/obj/tm.o
 .ARM.attributes
                0x00000000000003df       0x37 build/obj/hal_lld.o
 .ARM.attributes
                0x0000000000000416       0x37 build/obj/pal_lld.o
 .ARM.attributes
                0x000000000000044d       0x37 build/obj/serial_lld.o
 .ARM.attributes
                0x0000000000000484       0x37 build/obj/i2c_lld.o
 .ARM.attributes
                0x00000000000004bb       0x37 build/obj/spi_lld.o
 .ARM.attributes
                0x00000000000004f2       0x37 build/obj/bcm2835.o
 .ARM.attributes
                0x0000000000000529       0x37 build/obj/board.o
 .ARM.attributes
                0x0000000000000560       0x37 build/obj/shell.o
 .ARM.attributes
                0x0000000000000597       0x37 build/obj/chprintf.o
 .ARM.attributes
                0x00000000000005ce       0x37 build/obj/main.o
 .ARM.attributes
                0x0000000000000605       0x18 /usr/lib/gcc/arm-none-eabi/4.9.3/libgcc.a(_udivsi3.o)
 .ARM.attributes
                0x000000000000061d       0x18 /usr/lib/gcc/arm-none-eabi/4.9.3/libgcc.a(_dvmd_tls.o)
 .ARM.attributes
                0x0000000000000635       0x18 /usr/lib/gcc/arm-none-eabi/4.9.3/libgcc.a(_arm_addsubdf3.o)
 .ARM.attributes
                0x000000000000064d       0x18 /usr/lib/gcc/arm-none-eabi/4.9.3/libgcc.a(_arm_muldivdf3.o)
 .ARM.attributes
                0x0000000000000665       0x18 /usr/lib/gcc/arm-none-eabi/4.9.3/libgcc.a(_arm_fixdfsi.o)
 .ARM.attributes
                0x000000000000067d       0x18 /usr/lib/gcc/arm-none-eabi/4.9.3/libgcc.a(_arm_truncdfsf2.o)
 .ARM.attributes
                0x0000000000000695       0x18 /usr/lib/gcc/arm-none-eabi/4.9.3/libgcc.a(_arm_cmpsf2.o)
 .ARM.attributes
                0x00000000000006ad       0x18 /usr/lib/gcc/arm-none-eabi/4.9.3/libgcc.a(_arm_fixsfsi.o)
 .ARM.attributes
                0x00000000000006c5       0x30 /usr/lib/gcc/arm-none-eabi/4.9.3/../../../arm-none-eabi/lib/libc.a(lib_a-strcasecmp.o)
 .ARM.attributes
                0x00000000000006f5       0x30 /usr/lib/gcc/arm-none-eabi/4.9.3/../../../arm-none-eabi/lib/libc.a(lib_a-strchr.o)
 .ARM.attributes
                0x0000000000000725       0x30 /usr/lib/gcc/arm-none-eabi/4.9.3/../../../arm-none-eabi/lib/libc.a(lib_a-strspn.o)
 .ARM.attributes
                0x0000000000000755       0x30 /usr/lib/gcc/arm-none-eabi/4.9.3/../../../arm-none-eabi/lib/libc.a(lib_a-ctype_.o)

.comment        0x0000000000000000       0x70
 .comment       0x0000000000000000       0x38 build/obj/chsys.o
                                         0x39 (size before relaxing)
 .comment       0x0000000000000038       0x39 build/obj/chvt.o
 .comment       0x0000000000000038       0x39 build/obj/chschd.o
 .comment       0x0000000000000038       0x39 build/obj/chthreads.o
 .comment       0x0000000000000038       0x39 build/obj/chdynamic.o
 .comment       0x0000000000000038       0x39 build/obj/chregistry.o
 .comment       0x0000000000000038       0x39 build/obj/chmtx.o
 .comment       0x0000000000000038       0x39 build/obj/chevents.o
 .comment       0x0000000000000038       0x39 build/obj/chqueues.o
 .comment       0x0000000000000038       0x39 build/obj/chmemcore.o
 .comment       0x0000000000000038       0x39 build/obj/chheap.o
 .comment       0x0000000000000038       0x39 build/obj/hal.o
 .comment       0x0000000000000038       0x39 build/obj/i2c.o
 .comment       0x0000000000000038       0x39 build/obj/serial.o
 .comment       0x0000000000000038       0x39 build/obj/spi.o
 .comment       0x0000000000000038       0x39 build/obj/tm.o
 .comment       0x0000000000000038       0x39 build/obj/hal_lld.o
 .comment       0x0000000000000038       0x39 build/obj/pal_lld.o
 .comment       0x0000000000000038       0x39 build/obj/serial_lld.o
 .comment       0x0000000000000038       0x39 build/obj/i2c_lld.o
 .comment       0x0000000000000038       0x39 build/obj/spi_lld.o
 .comment       0x0000000000000038       0x39 build/obj/bcm2835.o
 .comment       0x0000000000000038       0x39 build/obj/board.o
 .comment       0x0000000000000038       0x39 build/obj/shell.o
 .comment       0x0000000000000038       0x39 build/obj/chprintf.o
 .comment       0x0000000000000038       0x39 build/obj/main.o
 .comment       0x0000000000000038       0x38 /usr/lib/gcc/arm-none-eabi/4.9.3/../../../arm-none-eabi/lib/libc.a(lib_a-strcasecmp.o)
                                         0x39 (size before relaxing)
 .comment       0x0000000000000070       0x39 /usr/lib/gcc/arm-none-eabi/4.9.3/../../../arm-none-eabi/lib/libc.a(lib_a-strchr.o)
 .comment       0x0000000000000070       0x39 /usr/lib/gcc/arm-none-eabi/4.9.3/../../../arm-none-eabi/lib/libc.a(lib_a-strspn.o)
 .comment       0x0000000000000070       0x39 /usr/lib/gcc/arm-none-eabi/4.9.3/../../../arm-none-eabi/lib/libc.a(lib_a-ctype_.o)

.debug_info     0x0000000000000000     0xd433
 .debug_info    0x0000000000000000      0x78c build/obj/chsys.o
 .debug_info    0x000000000000078c      0x264 build/obj/chvt.o
 .debug_info    0x00000000000009f0      0x9a1 build/obj/chschd.o
 .debug_info    0x0000000000001391      0x9f8 build/obj/chthreads.o
 .debug_info    0x0000000000001d89      0x639 build/obj/chdynamic.o
 .debug_info    0x00000000000023c2      0x5a0 build/obj/chregistry.o
 .debug_info    0x0000000000002962      0x8ec build/obj/chmtx.o
 .debug_info    0x000000000000324e      0xa12 build/obj/chevents.o
 .debug_info    0x0000000000003c60      0xa4e build/obj/chqueues.o
 .debug_info    0x00000000000046ae      0x1cc build/obj/chmemcore.o
 .debug_info    0x000000000000487a      0x6c5 build/obj/chheap.o
 .debug_info    0x0000000000004f3f      0x23e build/obj/hal.o
 .debug_info    0x000000000000517d      0x8d4 build/obj/i2c.o
 .debug_info    0x0000000000005a51      0xdf0 build/obj/serial.o
 .debug_info    0x0000000000006841      0xb5c build/obj/spi.o
 .debug_info    0x000000000000739d      0x21c build/obj/tm.o
 .debug_info    0x00000000000075b9      0xb78 build/obj/hal_lld.o
 .debug_info    0x0000000000008131      0x474 build/obj/pal_lld.o
 .debug_info    0x00000000000085a5      0xa8d build/obj/serial_lld.o
 .debug_info    0x0000000000009032      0xaaa build/obj/i2c_lld.o
 .debug_info    0x0000000000009adc      0xa00 build/obj/spi_lld.o
 .debug_info    0x000000000000a4dc      0x115 build/obj/bcm2835.o
 .debug_info    0x000000000000a5f1       0xb0 build/obj/board.o
 .debug_info    0x000000000000a6a1     0x12d9 build/obj/shell.o
 .debug_info    0x000000000000b97a      0x53c build/obj/chprintf.o
 .debug_info    0x000000000000beb6      0xc52 build/obj/main.o
 .debug_info    0x000000000000cb08       0xae /usr/lib/gcc/arm-none-eabi/4.9.3/libgcc.a(_udivsi3.o)
 .debug_info    0x000000000000cbb6       0xae /usr/lib/gcc/arm-none-eabi/4.9.3/libgcc.a(_dvmd_tls.o)
 .debug_info    0x000000000000cc64       0xaf /usr/lib/gcc/arm-none-eabi/4.9.3/libgcc.a(_arm_addsubdf3.o)
 .debug_info    0x000000000000cd13       0xaf /usr/lib/gcc/arm-none-eabi/4.9.3/libgcc.a(_arm_muldivdf3.o)
 .debug_info    0x000000000000cdc2       0xaf /usr/lib/gcc/arm-none-eabi/4.9.3/libgcc.a(_arm_fixdfsi.o)
 .debug_info    0x000000000000ce71       0xaf /usr/lib/gcc/arm-none-eabi/4.9.3/libgcc.a(_arm_truncdfsf2.o)
 .debug_info    0x000000000000cf20       0xaf /usr/lib/gcc/arm-none-eabi/4.9.3/libgcc.a(_arm_cmpsf2.o)
 .debug_info    0x000000000000cfcf       0xaf /usr/lib/gcc/arm-none-eabi/4.9.3/libgcc.a(_arm_fixsfsi.o)
 .debug_info    0x000000000000d07e      0x155 /usr/lib/gcc/arm-none-eabi/4.9.3/../../../arm-none-eabi/lib/libc.a(lib_a-strcasecmp.o)
 .debug_info    0x000000000000d1d3      0x117 /usr/lib/gcc/arm-none-eabi/4.9.3/../../../arm-none-eabi/lib/libc.a(lib_a-strchr.o)
 .debug_info    0x000000000000d2ea       0xda /usr/lib/gcc/arm-none-eabi/4.9.3/../../../arm-none-eabi/lib/libc.a(lib_a-strspn.o)
 .debug_info    0x000000000000d3c4       0x6f /usr/lib/gcc/arm-none-eabi/4.9.3/../../../arm-none-eabi/lib/libc.a(lib_a-ctype_.o)

.debug_abbrev   0x0000000000000000     0x3889
 .debug_abbrev  0x0000000000000000      0x1ca build/obj/chsys.o
 .debug_abbrev  0x00000000000001ca      0x133 build/obj/chvt.o
 .debug_abbrev  0x00000000000002fd      0x31e build/obj/chschd.o
 .debug_abbrev  0x000000000000061b      0x303 build/obj/chthreads.o
 .debug_abbrev  0x000000000000091e      0x1d8 build/obj/chdynamic.o
 .debug_abbrev  0x0000000000000af6      0x146 build/obj/chregistry.o
 .debug_abbrev  0x0000000000000c3c      0x2e2 build/obj/chmtx.o
 .debug_abbrev  0x0000000000000f1e      0x2bf build/obj/chevents.o
 .debug_abbrev  0x00000000000011dd      0x323 build/obj/chqueues.o
 .debug_abbrev  0x0000000000001500      0x13f build/obj/chmemcore.o
 .debug_abbrev  0x000000000000163f      0x1c9 build/obj/chheap.o
 .debug_abbrev  0x0000000000001808      0x178 build/obj/hal.o
 .debug_abbrev  0x0000000000001980      0x1ed build/obj/i2c.o
 .debug_abbrev  0x0000000000001b6d      0x23d build/obj/serial.o
 .debug_abbrev  0x0000000000001daa      0x1cc build/obj/spi.o
 .debug_abbrev  0x0000000000001f76      0x159 build/obj/tm.o
 .debug_abbrev  0x00000000000020cf      0x226 build/obj/hal_lld.o
 .debug_abbrev  0x00000000000022f5      0x1b3 build/obj/pal_lld.o
 .debug_abbrev  0x00000000000024a8      0x2bc build/obj/serial_lld.o
 .debug_abbrev  0x0000000000002764      0x2c3 build/obj/i2c_lld.o
 .debug_abbrev  0x0000000000002a27      0x2df build/obj/spi_lld.o
 .debug_abbrev  0x0000000000002d06       0xc4 build/obj/bcm2835.o
 .debug_abbrev  0x0000000000002dca       0x72 build/obj/board.o
 .debug_abbrev  0x0000000000002e3c      0x332 build/obj/shell.o
 .debug_abbrev  0x000000000000316e      0x211 build/obj/chprintf.o
 .debug_abbrev  0x000000000000337f      0x24f build/obj/main.o
 .debug_abbrev  0x00000000000035ce       0x14 /usr/lib/gcc/arm-none-eabi/4.9.3/libgcc.a(_udivsi3.o)
 .debug_abbrev  0x00000000000035e2       0x14 /usr/lib/gcc/arm-none-eabi/4.9.3/libgcc.a(_dvmd_tls.o)
 .debug_abbrev  0x00000000000035f6       0x14 /usr/lib/gcc/arm-none-eabi/4.9.3/libgcc.a(_arm_addsubdf3.o)
 .debug_abbrev  0x000000000000360a       0x14 /usr/lib/gcc/arm-none-eabi/4.9.3/libgcc.a(_arm_muldivdf3.o)
 .debug_abbrev  0x000000000000361e       0x14 /usr/lib/gcc/arm-none-eabi/4.9.3/libgcc.a(_arm_fixdfsi.o)
 .debug_abbrev  0x0000000000003632       0x14 /usr/lib/gcc/arm-none-eabi/4.9.3/libgcc.a(_arm_truncdfsf2.o)
 .debug_abbrev  0x0000000000003646       0x14 /usr/lib/gcc/arm-none-eabi/4.9.3/libgcc.a(_arm_cmpsf2.o)
 .debug_abbrev  0x000000000000365a       0x14 /usr/lib/gcc/arm-none-eabi/4.9.3/libgcc.a(_arm_fixsfsi.o)
 .debug_abbrev  0x000000000000366e       0xad /usr/lib/gcc/arm-none-eabi/4.9.3/../../../arm-none-eabi/lib/libc.a(lib_a-strcasecmp.o)
 .debug_abbrev  0x000000000000371b       0x92 /usr/lib/gcc/arm-none-eabi/4.9.3/../../../arm-none-eabi/lib/libc.a(lib_a-strchr.o)
 .debug_abbrev  0x00000000000037ad       0x8e /usr/lib/gcc/arm-none-eabi/4.9.3/../../../arm-none-eabi/lib/libc.a(lib_a-strspn.o)
 .debug_abbrev  0x000000000000383b       0x4e /usr/lib/gcc/arm-none-eabi/4.9.3/../../../arm-none-eabi/lib/libc.a(lib_a-ctype_.o)

.debug_loc      0x0000000000000000     0x4785
 .debug_loc     0x0000000000000000       0x31 build/obj/chsys.o
 .debug_loc     0x0000000000000031       0xfd build/obj/chvt.o
 .debug_loc     0x000000000000012e      0x2df build/obj/chschd.o
 .debug_loc     0x000000000000040d      0x342 build/obj/chthreads.o
 .debug_loc     0x000000000000074f      0x10d build/obj/chdynamic.o
 .debug_loc     0x000000000000085c       0x21 build/obj/chregistry.o
 .debug_loc     0x000000000000087d      0x3b1 build/obj/chmtx.o
 .debug_loc     0x0000000000000c2e      0x4e3 build/obj/chevents.o
 .debug_loc     0x0000000000001111      0x4ab build/obj/chqueues.o
 .debug_loc     0x00000000000015bc       0xb0 build/obj/chmemcore.o
 .debug_loc     0x000000000000166c      0x3b9 build/obj/chheap.o
 .debug_loc     0x0000000000001a25       0xb3 build/obj/hal.o
 .debug_loc     0x0000000000001ad8      0x1fd build/obj/i2c.o
 .debug_loc     0x0000000000001cd5      0x4c6 build/obj/serial.o
 .debug_loc     0x000000000000219b      0x428 build/obj/spi.o
 .debug_loc     0x00000000000025c3       0x6d build/obj/tm.o
 .debug_loc     0x0000000000002630       0x60 build/obj/hal_lld.o
 .debug_loc     0x0000000000002690      0x345 build/obj/pal_lld.o
 .debug_loc     0x00000000000029d5      0x1a6 build/obj/serial_lld.o
 .debug_loc     0x0000000000002b7b      0x380 build/obj/i2c_lld.o
 .debug_loc     0x0000000000002efb      0x223 build/obj/spi_lld.o
 .debug_loc     0x000000000000311e      0x11a build/obj/bcm2835.o
 .debug_loc     0x0000000000003238      0x721 build/obj/shell.o
 .debug_loc     0x0000000000003959      0x8d6 build/obj/chprintf.o
 .debug_loc     0x000000000000422f       0xcf build/obj/main.o
 .debug_loc     0x00000000000042fe      0x248 /usr/lib/gcc/arm-none-eabi/4.9.3/../../../arm-none-eabi/lib/libc.a(lib_a-strcasecmp.o)
 .debug_loc     0x0000000000004546      0x170 /usr/lib/gcc/arm-none-eabi/4.9.3/../../../arm-none-eabi/lib/libc.a(lib_a-strchr.o)
 .debug_loc     0x00000000000046b6       0xcf /usr/lib/gcc/arm-none-eabi/4.9.3/../../../arm-none-eabi/lib/libc.a(lib_a-strspn.o)

.debug_aranges  0x0000000000000000      0x988
 .debug_aranges
                0x0000000000000000       0x30 build/obj/chsys.o
 .debug_aranges
                0x0000000000000030       0x38 build/obj/chvt.o
 .debug_aranges
                0x0000000000000068       0x70 build/obj/chschd.o
 .debug_aranges
                0x00000000000000d8       0x78 build/obj/chthreads.o
 .debug_aranges
                0x0000000000000150       0x30 build/obj/chdynamic.o
 .debug_aranges
                0x0000000000000180       0x28 build/obj/chregistry.o
 .debug_aranges
                0x00000000000001a8       0x58 build/obj/chmtx.o
 .debug_aranges
                0x0000000000000200       0xa0 build/obj/chevents.o
 .debug_aranges
                0x00000000000002a0       0x70 build/obj/chqueues.o
 .debug_aranges
                0x0000000000000310       0x38 build/obj/chmemcore.o
 .debug_aranges
                0x0000000000000348       0x40 build/obj/chheap.o
 .debug_aranges
                0x0000000000000388       0x30 build/obj/hal.o
 .debug_aranges
                0x00000000000003b8       0x60 build/obj/i2c.o
 .debug_aranges
                0x0000000000000418       0x88 build/obj/serial.o
 .debug_aranges
                0x00000000000004a0       0x98 build/obj/spi.o
 .debug_aranges
                0x0000000000000538       0x38 build/obj/tm.o
 .debug_aranges
                0x0000000000000570       0x48 build/obj/hal_lld.o
 .debug_aranges
                0x00000000000005b8       0x40 build/obj/pal_lld.o
 .debug_aranges
                0x00000000000005f8       0x60 build/obj/serial_lld.o
 .debug_aranges
                0x0000000000000658       0x50 build/obj/i2c_lld.o
 .debug_aranges
                0x00000000000006a8       0x70 build/obj/spi_lld.o
 .debug_aranges
                0x0000000000000718       0x28 build/obj/bcm2835.o
 .debug_aranges
                0x0000000000000740       0x20 build/obj/board.o
 .debug_aranges
                0x0000000000000760       0x58 build/obj/shell.o
 .debug_aranges
                0x00000000000007b8       0x28 build/obj/chprintf.o
 .debug_aranges
                0x00000000000007e0       0x30 build/obj/main.o
 .debug_aranges
                0x0000000000000810       0x20 /usr/lib/gcc/arm-none-eabi/4.9.3/libgcc.a(_udivsi3.o)
 .debug_aranges
                0x0000000000000830       0x20 /usr/lib/gcc/arm-none-eabi/4.9.3/libgcc.a(_dvmd_tls.o)
 .debug_aranges
                0x0000000000000850       0x20 /usr/lib/gcc/arm-none-eabi/4.9.3/libgcc.a(_arm_addsubdf3.o)
 .debug_aranges
                0x0000000000000870       0x20 /usr/lib/gcc/arm-none-eabi/4.9.3/libgcc.a(_arm_muldivdf3.o)
 .debug_aranges
                0x0000000000000890       0x20 /usr/lib/gcc/arm-none-eabi/4.9.3/libgcc.a(_arm_fixdfsi.o)
 .debug_aranges
                0x00000000000008b0       0x20 /usr/lib/gcc/arm-none-eabi/4.9.3/libgcc.a(_arm_truncdfsf2.o)
 .debug_aranges
                0x00000000000008d0       0x20 /usr/lib/gcc/arm-none-eabi/4.9.3/libgcc.a(_arm_cmpsf2.o)
 .debug_aranges
                0x00000000000008f0       0x20 /usr/lib/gcc/arm-none-eabi/4.9.3/libgcc.a(_arm_fixsfsi.o)
 .debug_aranges
                0x0000000000000910       0x20 /usr/lib/gcc/arm-none-eabi/4.9.3/../../../arm-none-eabi/lib/libc.a(lib_a-strcasecmp.o)
 .debug_aranges
                0x0000000000000930       0x20 /usr/lib/gcc/arm-none-eabi/4.9.3/../../../arm-none-eabi/lib/libc.a(lib_a-strchr.o)
 .debug_aranges
                0x0000000000000950       0x20 /usr/lib/gcc/arm-none-eabi/4.9.3/../../../arm-none-eabi/lib/libc.a(lib_a-strspn.o)
 .debug_aranges
                0x0000000000000970       0x18 /usr/lib/gcc/arm-none-eabi/4.9.3/../../../arm-none-eabi/lib/libc.a(lib_a-ctype_.o)

.debug_ranges   0x0000000000000000      0xc20
 .debug_ranges  0x0000000000000000       0x20 build/obj/chsys.o
 .debug_ranges  0x0000000000000020       0x28 build/obj/chvt.o
 .debug_ranges  0x0000000000000048      0x158 build/obj/chschd.o
 .debug_ranges  0x00000000000001a0      0x100 build/obj/chthreads.o
 .debug_ranges  0x00000000000002a0       0x20 build/obj/chdynamic.o
 .debug_ranges  0x00000000000002c0       0x18 build/obj/chregistry.o
 .debug_ranges  0x00000000000002d8      0x158 build/obj/chmtx.o
 .debug_ranges  0x0000000000000430       0x90 build/obj/chevents.o
 .debug_ranges  0x00000000000004c0       0x90 build/obj/chqueues.o
 .debug_ranges  0x0000000000000550       0x28 build/obj/chmemcore.o
 .debug_ranges  0x0000000000000578       0x30 build/obj/chheap.o
 .debug_ranges  0x00000000000005a8       0x40 build/obj/hal.o
 .debug_ranges  0x00000000000005e8       0x50 build/obj/i2c.o
 .debug_ranges  0x0000000000000638       0x78 build/obj/serial.o
 .debug_ranges  0x00000000000006b0       0x88 build/obj/spi.o
 .debug_ranges  0x0000000000000738       0x78 build/obj/tm.o
 .debug_ranges  0x00000000000007b0       0x50 build/obj/hal_lld.o
 .debug_ranges  0x0000000000000800       0x80 build/obj/pal_lld.o
 .debug_ranges  0x0000000000000880       0xd0 build/obj/serial_lld.o
 .debug_ranges  0x0000000000000950       0x90 build/obj/i2c_lld.o
 .debug_ranges  0x00000000000009e0       0xa0 build/obj/spi_lld.o
 .debug_ranges  0x0000000000000a80       0x18 build/obj/bcm2835.o
 .debug_ranges  0x0000000000000a98       0x10 build/obj/board.o
 .debug_ranges  0x0000000000000aa8       0xb8 build/obj/shell.o
 .debug_ranges  0x0000000000000b60       0x40 build/obj/chprintf.o
 .debug_ranges  0x0000000000000ba0       0x20 build/obj/main.o
 .debug_ranges  0x0000000000000bc0       0x40 /usr/lib/gcc/arm-none-eabi/4.9.3/../../../arm-none-eabi/lib/libc.a(lib_a-strcasecmp.o)
 .debug_ranges  0x0000000000000c00       0x10 /usr/lib/gcc/arm-none-eabi/4.9.3/../../../arm-none-eabi/lib/libc.a(lib_a-strchr.o)
 .debug_ranges  0x0000000000000c10       0x10 /usr/lib/gcc/arm-none-eabi/4.9.3/../../../arm-none-eabi/lib/libc.a(lib_a-strspn.o)

.debug_line     0x0000000000000000     0x435b
 .debug_line    0x0000000000000000      0x1d5 build/obj/chsys.o
 .debug_line    0x00000000000001d5      0x14f build/obj/chvt.o
 .debug_line    0x0000000000000324      0x33a build/obj/chschd.o
 .debug_line    0x000000000000065e      0x357 build/obj/chthreads.o
 .debug_line    0x00000000000009b5      0x1b3 build/obj/chdynamic.o
 .debug_line    0x0000000000000b68      0x194 build/obj/chregistry.o
 .debug_line    0x0000000000000cfc      0x317 build/obj/chmtx.o
 .debug_line    0x0000000000001013      0x2e0 build/obj/chevents.o
 .debug_line    0x00000000000012f3      0x318 build/obj/chqueues.o
 .debug_line    0x000000000000160b      0x128 build/obj/chmemcore.o
 .debug_line    0x0000000000001733      0x236 build/obj/chheap.o
 .debug_line    0x0000000000001969      0x1cc build/obj/hal.o
 .debug_line    0x0000000000001b35      0x248 build/obj/i2c.o
 .debug_line    0x0000000000001d7d      0x2bd build/obj/serial.o
 .debug_line    0x000000000000203a      0x2c0 build/obj/spi.o
 .debug_line    0x00000000000022fa      0x156 build/obj/tm.o
 .debug_line    0x0000000000002450      0x26c build/obj/hal_lld.o
 .debug_line    0x00000000000026bc      0x174 build/obj/pal_lld.o
 .debug_line    0x0000000000002830      0x2db build/obj/serial_lld.o
 .debug_line    0x0000000000002b0b      0x2e1 build/obj/i2c_lld.o
 .debug_line    0x0000000000002dec      0x322 build/obj/spi_lld.o
 .debug_line    0x000000000000310e       0xd0 build/obj/bcm2835.o
 .debug_line    0x00000000000031de       0x81 build/obj/board.o
 .debug_line    0x000000000000325f      0x31e build/obj/shell.o
 .debug_line    0x000000000000357d      0x298 build/obj/chprintf.o
 .debug_line    0x0000000000003815      0x25f build/obj/main.o
 .debug_line    0x0000000000003a74       0x78 /usr/lib/gcc/arm-none-eabi/4.9.3/libgcc.a(_udivsi3.o)
 .debug_line    0x0000000000003aec       0x5b /usr/lib/gcc/arm-none-eabi/4.9.3/libgcc.a(_dvmd_tls.o)
 .debug_line    0x0000000000003b47      0x15e /usr/lib/gcc/arm-none-eabi/4.9.3/libgcc.a(_arm_addsubdf3.o)
 .debug_line    0x0000000000003ca5      0x17a /usr/lib/gcc/arm-none-eabi/4.9.3/libgcc.a(_arm_muldivdf3.o)
 .debug_line    0x0000000000003e1f       0x72 /usr/lib/gcc/arm-none-eabi/4.9.3/libgcc.a(_arm_fixdfsi.o)
 .debug_line    0x0000000000003e91       0x83 /usr/lib/gcc/arm-none-eabi/4.9.3/libgcc.a(_arm_truncdfsf2.o)
 .debug_line    0x0000000000003f14       0x9c /usr/lib/gcc/arm-none-eabi/4.9.3/libgcc.a(_arm_cmpsf2.o)
 .debug_line    0x0000000000003fb0       0x72 /usr/lib/gcc/arm-none-eabi/4.9.3/libgcc.a(_arm_fixsfsi.o)
 .debug_line    0x0000000000004022       0xdd /usr/lib/gcc/arm-none-eabi/4.9.3/../../../arm-none-eabi/lib/libc.a(lib_a-strcasecmp.o)
 .debug_line    0x00000000000040ff       0xeb /usr/lib/gcc/arm-none-eabi/4.9.3/../../../arm-none-eabi/lib/libc.a(lib_a-strchr.o)
 .debug_line    0x00000000000041ea       0xff /usr/lib/gcc/arm-none-eabi/4.9.3/../../../arm-none-eabi/lib/libc.a(lib_a-strspn.o)
 .debug_line    0x00000000000042e9       0x72 /usr/lib/gcc/arm-none-eabi/4.9.3/../../../arm-none-eabi/lib/libc.a(lib_a-ctype_.o)

.debug_str      0x0000000000000000     0x1a9a
 .debug_str     0x0000000000000000      0x4df build/obj/chsys.o
                                        0x549 (size before relaxing)
 .debug_str     0x00000000000004df       0x4c build/obj/chvt.o
                                        0x247 (size before relaxing)
 .debug_str     0x000000000000052b      0x112 build/obj/chschd.o
                                        0x4ac (size before relaxing)
 .debug_str     0x000000000000063d       0xd3 build/obj/chthreads.o
                                        0x4f2 (size before relaxing)
 .debug_str     0x0000000000000710       0xa5 build/obj/chdynamic.o
                                        0x3ed (size before relaxing)
 .debug_str     0x00000000000007b5       0x42 build/obj/chregistry.o
                                        0x480 (size before relaxing)
 .debug_str     0x00000000000007f7       0x8a build/obj/chmtx.o
                                        0x40c (size before relaxing)
 .debug_str     0x0000000000000881      0x1b9 build/obj/chevents.o
                                        0x530 (size before relaxing)
 .debug_str     0x0000000000000a3a      0x126 build/obj/chqueues.o
                                        0x497 (size before relaxing)
 .debug_str     0x0000000000000b60       0x70 build/obj/chmemcore.o
                                        0x1fa (size before relaxing)
 .debug_str     0x0000000000000bd0       0x48 build/obj/chheap.o
                                        0x3e7 (size before relaxing)
 .debug_str     0x0000000000000c18       0xb2 build/obj/hal.o
                                        0x24e (size before relaxing)
 .debug_str     0x0000000000000cca      0x221 build/obj/i2c.o
                                        0x56d (size before relaxing)
 .debug_str     0x0000000000000eeb      0x114 build/obj/serial.o
                                        0x593 (size before relaxing)
 .debug_str     0x0000000000000fff      0x24b build/obj/spi.o
                                        0x5d5 (size before relaxing)
 .debug_str     0x000000000000124a       0x67 build/obj/tm.o
                                        0x1f9 (size before relaxing)
 .debug_str     0x00000000000012b1      0x10a build/obj/hal_lld.o
                                        0x7a2 (size before relaxing)
 .debug_str     0x00000000000013bb       0xf8 build/obj/pal_lld.o
                                        0x29b (size before relaxing)
 .debug_str     0x00000000000014b3       0x84 build/obj/serial_lld.o
                                        0x577 (size before relaxing)
 .debug_str     0x0000000000001537       0x40 build/obj/i2c_lld.o
                                        0x5e3 (size before relaxing)
 .debug_str     0x0000000000001577       0x54 build/obj/spi_lld.o
                                        0x54c (size before relaxing)
 .debug_str     0x00000000000015cb       0x4b build/obj/bcm2835.o
                                        0x1da (size before relaxing)
 .debug_str     0x0000000000001616       0x26 build/obj/board.o
                                        0x1ae (size before relaxing)
 .debug_str     0x000000000000163c      0x184 build/obj/shell.o
                                        0x639 (size before relaxing)
 .debug_str     0x00000000000017c0       0xb4 build/obj/chprintf.o
                                        0x29e (size before relaxing)
 .debug_str     0x0000000000001874       0x37 build/obj/main.o
                                        0x656 (size before relaxing)
 .debug_str     0x00000000000018ab       0xfe /usr/lib/gcc/arm-none-eabi/4.9.3/../../../arm-none-eabi/lib/libc.a(lib_a-strcasecmp.o)
                                        0x19b (size before relaxing)
 .debug_str     0x00000000000019a9       0x38 /usr/lib/gcc/arm-none-eabi/4.9.3/../../../arm-none-eabi/lib/libc.a(lib_a-strchr.o)
                                        0x18d (size before relaxing)
 .debug_str     0x00000000000019e1       0x2b /usr/lib/gcc/arm-none-eabi/4.9.3/../../../arm-none-eabi/lib/libc.a(lib_a-strspn.o)
                                        0x182 (size before relaxing)
 .debug_str     0x0000000000001a0c       0x8e /usr/lib/gcc/arm-none-eabi/4.9.3/../../../arm-none-eabi/lib/libc.a(lib_a-ctype_.o)
                                        0x104 (size before relaxing)

.debug_frame    0x0000000000000000     0x1530
 .debug_frame   0x0000000000000000       0x5c build/obj/chsys.o
 .debug_frame   0x000000000000005c       0x50 build/obj/chvt.o
 .debug_frame   0x00000000000000ac      0x138 build/obj/chschd.o
 .debug_frame   0x00000000000001e4      0x194 build/obj/chthreads.o
 .debug_frame   0x0000000000000378       0x5c build/obj/chdynamic.o
 .debug_frame   0x00000000000003d4       0x3c build/obj/chregistry.o
 .debug_frame   0x0000000000000410       0xe4 build/obj/chmtx.o
 .debug_frame   0x00000000000004f4      0x1d4 build/obj/chevents.o
 .debug_frame   0x00000000000006c8      0x160 build/obj/chqueues.o
 .debug_frame   0x0000000000000828       0x50 build/obj/chmemcore.o
 .debug_frame   0x0000000000000878       0xac build/obj/chheap.o
 .debug_frame   0x0000000000000924       0x50 build/obj/hal.o
 .debug_frame   0x0000000000000974       0xe4 build/obj/i2c.o
 .debug_frame   0x0000000000000a58      0x14c build/obj/serial.o
 .debug_frame   0x0000000000000ba4      0x1a0 build/obj/spi.o
 .debug_frame   0x0000000000000d44       0x60 build/obj/tm.o
 .debug_frame   0x0000000000000da4       0x78 build/obj/hal_lld.o
 .debug_frame   0x0000000000000e1c       0xcc build/obj/pal_lld.o
 .debug_frame   0x0000000000000ee8       0xe8 build/obj/serial_lld.o
 .debug_frame   0x0000000000000fd0      0x10c build/obj/i2c_lld.o
 .debug_frame   0x00000000000010dc      0x114 build/obj/spi_lld.o
 .debug_frame   0x00000000000011f0       0x40 build/obj/bcm2835.o
 .debug_frame   0x0000000000001230       0x20 build/obj/board.o
 .debug_frame   0x0000000000001250      0x118 build/obj/shell.o
 .debug_frame   0x0000000000001368       0xa0 build/obj/chprintf.o
 .debug_frame   0x0000000000001408       0x60 build/obj/main.o
 .debug_frame   0x0000000000001468       0x20 /usr/lib/gcc/arm-none-eabi/4.9.3/libgcc.a(_udivsi3.o)
 .debug_frame   0x0000000000001488       0x2c /usr/lib/gcc/arm-none-eabi/4.9.3/../../../arm-none-eabi/lib/libc.a(lib_a-strcasecmp.o)
 .debug_frame   0x00000000000014b4       0x48 /usr/lib/gcc/arm-none-eabi/4.9.3/../../../arm-none-eabi/lib/libc.a(lib_a-strchr.o)
 .debug_frame   0x00000000000014fc       0x34 /usr/lib/gcc/arm-none-eabi/4.9.3/../../../arm-none-eabi/lib/libc.a(lib_a-strspn.o)

Cross Reference Table

Symbol                                            File
AbortHandler                                      build/obj/vectors.o
FiqHandler                                        build/obj/vectors.o
I2C0                                              build/obj/i2c_lld.o
                                                  build/obj/hal_lld.o
IOPORT0                                           build/obj/pal_lld.o
                                                  build/obj/main.o
IOPORT1                                           build/obj/pal_lld.o
IrqHandler                                        build/obj/hal_lld.o
                                                  build/obj/vectors.o
PrefetchHandler                                   build/obj/vectors.o
ResetHandler                                      build/obj/crt0.o
                                                  build/obj/vectors.o
SD1                                               build/obj/serial_lld.o
                                                  build/obj/main.o
                                                  build/obj/hal_lld.o
SPI0                                              build/obj/spi_lld.o
                                                  build/obj/hal_lld.o
SwiHandler                                        build/obj/vectors.o
TestThread                                        build/obj/test.o
UndHandler                                        build/obj/vectors.o
__abt_stack_size__                                build/obj/crt0.o
__adddf3                                          /usr/lib/gcc/arm-none-eabi/4.9.3/libgcc.a(_arm_addsubdf3.o)
__aeabi_cfcmpeq                                   /usr/lib/gcc/arm-none-eabi/4.9.3/libgcc.a(_arm_cmpsf2.o)
__aeabi_cfcmple                                   /usr/lib/gcc/arm-none-eabi/4.9.3/libgcc.a(_arm_cmpsf2.o)
__aeabi_cfrcmple                                  /usr/lib/gcc/arm-none-eabi/4.9.3/libgcc.a(_arm_cmpsf2.o)
__aeabi_d2f                                       /usr/lib/gcc/arm-none-eabi/4.9.3/libgcc.a(_arm_truncdfsf2.o)
                                                  build/obj/chprintf.o
__aeabi_d2iz                                      /usr/lib/gcc/arm-none-eabi/4.9.3/libgcc.a(_arm_fixdfsi.o)
                                                  build/obj/chprintf.o
__aeabi_dadd                                      /usr/lib/gcc/arm-none-eabi/4.9.3/libgcc.a(_arm_addsubdf3.o)
__aeabi_ddiv                                      /usr/lib/gcc/arm-none-eabi/4.9.3/libgcc.a(_arm_muldivdf3.o)
__aeabi_dmul                                      /usr/lib/gcc/arm-none-eabi/4.9.3/libgcc.a(_arm_muldivdf3.o)
                                                  build/obj/chprintf.o
__aeabi_drsub                                     /usr/lib/gcc/arm-none-eabi/4.9.3/libgcc.a(_arm_addsubdf3.o)
__aeabi_dsub                                      /usr/lib/gcc/arm-none-eabi/4.9.3/libgcc.a(_arm_addsubdf3.o)
                                                  build/obj/chprintf.o
__aeabi_f2d                                       /usr/lib/gcc/arm-none-eabi/4.9.3/libgcc.a(_arm_addsubdf3.o)
                                                  build/obj/chprintf.o
__aeabi_f2iz                                      /usr/lib/gcc/arm-none-eabi/4.9.3/libgcc.a(_arm_fixsfsi.o)
                                                  build/obj/chprintf.o
__aeabi_fcmpeq                                    /usr/lib/gcc/arm-none-eabi/4.9.3/libgcc.a(_arm_cmpsf2.o)
__aeabi_fcmpge                                    /usr/lib/gcc/arm-none-eabi/4.9.3/libgcc.a(_arm_cmpsf2.o)
__aeabi_fcmpgt                                    /usr/lib/gcc/arm-none-eabi/4.9.3/libgcc.a(_arm_cmpsf2.o)
__aeabi_fcmple                                    /usr/lib/gcc/arm-none-eabi/4.9.3/libgcc.a(_arm_cmpsf2.o)
__aeabi_fcmplt                                    /usr/lib/gcc/arm-none-eabi/4.9.3/libgcc.a(_arm_cmpsf2.o)
                                                  build/obj/chprintf.o
__aeabi_i2d                                       /usr/lib/gcc/arm-none-eabi/4.9.3/libgcc.a(_arm_addsubdf3.o)
                                                  build/obj/chprintf.o
__aeabi_idiv0                                     /usr/lib/gcc/arm-none-eabi/4.9.3/libgcc.a(_dvmd_tls.o)
                                                  /usr/lib/gcc/arm-none-eabi/4.9.3/libgcc.a(_udivsi3.o)
__aeabi_l2d                                       /usr/lib/gcc/arm-none-eabi/4.9.3/libgcc.a(_arm_addsubdf3.o)
__aeabi_ldiv0                                     /usr/lib/gcc/arm-none-eabi/4.9.3/libgcc.a(_dvmd_tls.o)
__aeabi_ui2d                                      /usr/lib/gcc/arm-none-eabi/4.9.3/libgcc.a(_arm_addsubdf3.o)
__aeabi_uidiv                                     /usr/lib/gcc/arm-none-eabi/4.9.3/libgcc.a(_udivsi3.o)
                                                  build/obj/chprintf.o
                                                  build/obj/i2c_lld.o
                                                  build/obj/serial_lld.o
__aeabi_uidivmod                                  /usr/lib/gcc/arm-none-eabi/4.9.3/libgcc.a(_udivsi3.o)
                                                  build/obj/chprintf.o
__aeabi_ul2d                                      /usr/lib/gcc/arm-none-eabi/4.9.3/libgcc.a(_arm_addsubdf3.o)
__cmpsf2                                          /usr/lib/gcc/arm-none-eabi/4.9.3/libgcc.a(_arm_cmpsf2.o)
__ctype_ptr__                                     /usr/lib/gcc/arm-none-eabi/4.9.3/../../../arm-none-eabi/lib/libc.a(lib_a-ctype_.o)
                                                  /usr/lib/gcc/arm-none-eabi/4.9.3/../../../arm-none-eabi/lib/libc.a(lib_a-strcasecmp.o)
__divdf3                                          /usr/lib/gcc/arm-none-eabi/4.9.3/libgcc.a(_arm_muldivdf3.o)
__early_init                                      build/obj/vectors.o
                                                  build/obj/crt0.o
__eqsf2                                           /usr/lib/gcc/arm-none-eabi/4.9.3/libgcc.a(_arm_cmpsf2.o)
__extendsfdf2                                     /usr/lib/gcc/arm-none-eabi/4.9.3/libgcc.a(_arm_addsubdf3.o)
__fiq_stack_size__                                build/obj/crt0.o
__fixdfsi                                         /usr/lib/gcc/arm-none-eabi/4.9.3/libgcc.a(_arm_fixdfsi.o)
__fixsfsi                                         /usr/lib/gcc/arm-none-eabi/4.9.3/libgcc.a(_arm_fixsfsi.o)
__floatdidf                                       /usr/lib/gcc/arm-none-eabi/4.9.3/libgcc.a(_arm_addsubdf3.o)
__floatsidf                                       /usr/lib/gcc/arm-none-eabi/4.9.3/libgcc.a(_arm_addsubdf3.o)
__floatundidf                                     /usr/lib/gcc/arm-none-eabi/4.9.3/libgcc.a(_arm_addsubdf3.o)
__floatunsidf                                     /usr/lib/gcc/arm-none-eabi/4.9.3/libgcc.a(_arm_addsubdf3.o)
__gesf2                                           /usr/lib/gcc/arm-none-eabi/4.9.3/libgcc.a(_arm_cmpsf2.o)
__gtsf2                                           /usr/lib/gcc/arm-none-eabi/4.9.3/libgcc.a(_arm_cmpsf2.o)
__heap_base__                                     build/obj/chmemcore.o
__heap_end__                                      build/obj/chmemcore.o
__irq_stack_size__                                build/obj/crt0.o
__lesf2                                           /usr/lib/gcc/arm-none-eabi/4.9.3/libgcc.a(_arm_cmpsf2.o)
__ltsf2                                           /usr/lib/gcc/arm-none-eabi/4.9.3/libgcc.a(_arm_cmpsf2.o)
__muldf3                                          /usr/lib/gcc/arm-none-eabi/4.9.3/libgcc.a(_arm_muldivdf3.o)
__nesf2                                           /usr/lib/gcc/arm-none-eabi/4.9.3/libgcc.a(_arm_cmpsf2.o)
__ram_end__                                       build/obj/crt0.o
__subdf3                                          /usr/lib/gcc/arm-none-eabi/4.9.3/libgcc.a(_arm_addsubdf3.o)
__svc_stack_size__                                build/obj/crt0.o
__truncdfsf2                                      /usr/lib/gcc/arm-none-eabi/4.9.3/libgcc.a(_arm_truncdfsf2.o)
__udivsi3                                         /usr/lib/gcc/arm-none-eabi/4.9.3/libgcc.a(_udivsi3.o)
__und_stack_size__                                build/obj/crt0.o
_bss_end                                          build/obj/crt0.o
_bss_start                                        build/obj/crt0.o
_core_init                                        build/obj/chmemcore.o
                                                  build/obj/chsys.o
_ctype_                                           /usr/lib/gcc/arm-none-eabi/4.9.3/../../../arm-none-eabi/lib/libc.a(lib_a-ctype_.o)
_heap_init                                        build/obj/chheap.o
                                                  build/obj/chsys.o
_idle_thread                                      build/obj/chsys.o
_idle_thread_wa                                   build/obj/chsys.o
_main_exit_handler                                build/obj/crt0.o
_pal_lld_init                                     build/obj/pal_lld.o
                                                  build/obj/hal.o
_pal_lld_setgroupmode                             build/obj/pal_lld.o
                                                  build/obj/main.o
                                                  build/obj/pal.o
_pal_lld_writeport                                build/obj/pal_lld.o
                                                  build/obj/main.o
                                                  build/obj/pal.o
_port_irq_common                                  build/obj/chcoreasm.o
                                                  build/obj/hal_lld.o
_port_switch_arm                                  build/obj/chcoreasm.o
                                                  build/obj/chschd.o
_port_thread_start                                build/obj/chcoreasm.o
                                                  build/obj/chthreads.o
_scheduler_init                                   build/obj/chschd.o
                                                  build/obj/chsys.o
_test_assert                                      build/obj/test.o
                                                  build/obj/testqueues.o
                                                  build/obj/testdyn.o
                                                  build/obj/testheap.o
                                                  build/obj/testevt.o
                                                  build/obj/testmbox.o
                                                  build/obj/testmtx.o
                                                  build/obj/testsem.o
                                                  build/obj/testthd.o
_test_assert_sequence                             build/obj/test.o
                                                  build/obj/testqueues.o
                                                  build/obj/testdyn.o
                                                  build/obj/testevt.o
                                                  build/obj/testmbox.o
                                                  build/obj/testmsg.o
                                                  build/obj/testmtx.o
                                                  build/obj/testsem.o
                                                  build/obj/testthd.o
_test_assert_time_window                          build/obj/test.o
                                                  build/obj/testevt.o
                                                  build/obj/testmtx.o
                                                  build/obj/testsem.o
                                                  build/obj/testthd.o
_test_fail                                        build/obj/test.o
_thread_init                                      build/obj/chthreads.o
                                                  build/obj/chsys.o
_unhandled_exception                              build/obj/vectors.o
_vt_init                                          build/obj/chvt.o
                                                  build/obj/chsys.o
arm_enable_irq                                    build/obj/vectors.o
bcm2835_delay                                     build/obj/bcm2835.o
                                                  build/obj/serial_lld.o
                                                  build/obj/pal_lld.o
bcm2835_gpio_fnsel                                build/obj/bcm2835.o
                                                  build/obj/spi_lld.o
                                                  build/obj/i2c_lld.o
                                                  build/obj/serial_lld.o
                                                  build/obj/pal_lld.o
boardInit                                         build/obj/board.o
                                                  build/obj/hal.o
chCondBroadcast                                   build/obj/chcond.o
                                                  build/obj/testmtx.o
chCondBroadcastI                                  build/obj/chcond.o
chCondInit                                        build/obj/chcond.o
                                                  build/obj/testmtx.o
chCondSignal                                      build/obj/chcond.o
                                                  build/obj/testmtx.o
chCondSignalI                                     build/obj/chcond.o
                                                  build/obj/testmtx.o
chCondWait                                        build/obj/chcond.o
                                                  build/obj/testmtx.o
chCondWaitS                                       build/obj/chcond.o
chCondWaitTimeout                                 build/obj/chcond.o
                                                  build/obj/testmtx.o
chCondWaitTimeoutS                                build/obj/chcond.o
chCoreAlloc                                       build/obj/chmemcore.o
                                                  build/obj/chheap.o
chCoreAllocI                                      build/obj/chmemcore.o
chCoreStatus                                      build/obj/chmemcore.o
                                                  build/obj/testheap.o
chEvtAddEvents                                    build/obj/chevents.o
                                                  build/obj/testevt.o
chEvtBroadcastFlags                               build/obj/chevents.o
                                                  build/obj/testevt.o
chEvtBroadcastFlagsI                              build/obj/chevents.o
                                                  build/obj/shell.o
                                                  build/obj/serial.o
chEvtDispatch                                     build/obj/chevents.o
                                                  build/obj/testevt.o
chEvtGetAndClearEvents                            build/obj/chevents.o
                                                  build/obj/testevt.o
chEvtGetAndClearFlags                             build/obj/chevents.o
chEvtGetAndClearFlagsI                            build/obj/chevents.o
chEvtRegisterMask                                 build/obj/chevents.o
                                                  build/obj/testevt.o
chEvtSignal                                       build/obj/chevents.o
                                                  build/obj/testevt.o
chEvtSignalI                                      build/obj/chevents.o
chEvtUnregister                                   build/obj/chevents.o
                                                  build/obj/testevt.o
chEvtWaitAll                                      build/obj/chevents.o
                                                  build/obj/testevt.o
chEvtWaitAllTimeout                               build/obj/chevents.o
                                                  build/obj/testevt.o
chEvtWaitAny                                      build/obj/chevents.o
                                                  build/obj/testevt.o
chEvtWaitAnyTimeout                               build/obj/chevents.o
                                                  build/obj/testevt.o
chEvtWaitOne                                      build/obj/chevents.o
                                                  build/obj/testevt.o
chEvtWaitOneTimeout                               build/obj/chevents.o
                                                  build/obj/testevt.o
chHeapAlloc                                       build/obj/chheap.o
                                                  build/obj/testdyn.o
                                                  build/obj/testheap.o
                                                  build/obj/chdynamic.o
chHeapFree                                        build/obj/chheap.o
                                                  build/obj/testdyn.o
                                                  build/obj/testheap.o
                                                  build/obj/chdynamic.o
chHeapInit                                        build/obj/chheap.o
                                                  build/obj/testdyn.o
                                                  build/obj/testheap.o
chHeapStatus                                      build/obj/chheap.o
                                                  build/obj/testdyn.o
                                                  build/obj/testheap.o
chIQGetTimeout                                    build/obj/chqueues.o
                                                  build/obj/serial.o
                                                  build/obj/testbmk.o
                                                  build/obj/testqueues.o
chIQInit                                          build/obj/chqueues.o
                                                  build/obj/serial.o
                                                  build/obj/testbmk.o
                                                  build/obj/testqueues.o
chIQPutI                                          build/obj/chqueues.o
                                                  build/obj/serial.o
                                                  build/obj/testbmk.o
                                                  build/obj/testqueues.o
chIQReadTimeout                                   build/obj/chqueues.o
                                                  build/obj/serial.o
                                                  build/obj/testqueues.o
chIQResetI                                        build/obj/chqueues.o
                                                  build/obj/serial.o
                                                  build/obj/testqueues.o
chMBFetch                                         build/obj/chmboxes.o
                                                  build/obj/testmbox.o
chMBFetchI                                        build/obj/chmboxes.o
                                                  build/obj/testmbox.o
chMBFetchS                                        build/obj/chmboxes.o
chMBInit                                          build/obj/chmboxes.o
                                                  build/obj/testmbox.o
chMBPost                                          build/obj/chmboxes.o
                                                  build/obj/testmbox.o
chMBPostAhead                                     build/obj/chmboxes.o
                                                  build/obj/testmbox.o
chMBPostAheadI                                    build/obj/chmboxes.o
                                                  build/obj/testmbox.o
chMBPostAheadS                                    build/obj/chmboxes.o
chMBPostI                                         build/obj/chmboxes.o
                                                  build/obj/testmbox.o
chMBPostS                                         build/obj/chmboxes.o
chMBReset                                         build/obj/chmboxes.o
                                                  build/obj/testmbox.o
chMsgRelease                                      build/obj/chmsg.o
                                                  build/obj/testbmk.o
                                                  build/obj/testmsg.o
chMsgSend                                         build/obj/chmsg.o
                                                  build/obj/testbmk.o
                                                  build/obj/testmsg.o
chMsgWait                                         build/obj/chmsg.o
                                                  build/obj/testbmk.o
                                                  build/obj/testmsg.o
chMtxInit                                         build/obj/chmtx.o
                                                  build/obj/spi.o
                                                  build/obj/i2c.o
                                                  build/obj/testbmk.o
                                                  build/obj/testmtx.o
                                                  build/obj/chheap.o
chMtxLock                                         build/obj/chmtx.o
                                                  build/obj/spi.o
                                                  build/obj/i2c.o
                                                  build/obj/testbmk.o
                                                  build/obj/testmtx.o
                                                  build/obj/chheap.o
chMtxLockS                                        build/obj/chmtx.o
                                                  build/obj/chcond.o
chMtxTryLock                                      build/obj/chmtx.o
                                                  build/obj/testmtx.o
chMtxTryLockS                                     build/obj/chmtx.o
chMtxUnlock                                       build/obj/chmtx.o
                                                  build/obj/spi.o
                                                  build/obj/i2c.o
                                                  build/obj/testbmk.o
                                                  build/obj/testmtx.o
                                                  build/obj/chheap.o
chMtxUnlockAll                                    build/obj/chmtx.o
                                                  build/obj/testmtx.o
chMtxUnlockS                                      build/obj/chmtx.o
                                                  build/obj/testmtx.o
                                                  build/obj/chcond.o
chOQGetI                                          build/obj/chqueues.o
                                                  build/obj/serial.o
                                                  build/obj/testqueues.o
chOQInit                                          build/obj/chqueues.o
                                                  build/obj/serial.o
                                                  build/obj/testqueues.o
chOQPutTimeout                                    build/obj/chqueues.o
                                                  build/obj/serial.o
                                                  build/obj/testqueues.o
chOQResetI                                        build/obj/chqueues.o
                                                  build/obj/serial.o
                                                  build/obj/testqueues.o
chOQWriteTimeout                                  build/obj/chqueues.o
                                                  build/obj/serial.o
                                                  build/obj/testqueues.o
chRegFirstThread                                  build/obj/chregistry.o
                                                  build/obj/testdyn.o
chRegNextThread                                   build/obj/chregistry.o
                                                  build/obj/testdyn.o
chSchDoReschedule                                 build/obj/chschd.o
                                                  build/obj/chcoreasm.o
chSchDoRescheduleAhead                            build/obj/chschd.o
chSchDoRescheduleBehind                           build/obj/chschd.o
                                                  build/obj/chthreads.o
chSchGoSleepS                                     build/obj/chschd.o
                                                  build/obj/i2c_lld.o
                                                  build/obj/spi.o
                                                  build/obj/testbmk.o
                                                  build/obj/chmsg.o
                                                  build/obj/chevents.o
                                                  build/obj/chcond.o
                                                  build/obj/chmtx.o
                                                  build/obj/chsem.o
                                                  build/obj/chthreads.o
chSchGoSleepTimeoutS                              build/obj/chschd.o
                                                  build/obj/chqueues.o
                                                  build/obj/chevents.o
                                                  build/obj/chcond.o
                                                  build/obj/chsem.o
                                                  build/obj/chthreads.o
chSchIsPreemptionRequired                         build/obj/chschd.o
                                                  build/obj/chcoreasm.o
chSchReadyI                                       build/obj/chschd.o
                                                  build/obj/spi_lld.o
                                                  build/obj/i2c_lld.o
                                                  build/obj/chqueues.o
                                                  build/obj/chmsg.o
                                                  build/obj/chevents.o
                                                  build/obj/chcond.o
                                                  build/obj/chmtx.o
                                                  build/obj/chsem.o
                                                  build/obj/chthreads.o
chSchRescheduleS                                  build/obj/chschd.o
                                                  build/obj/serial.o
                                                  build/obj/testmtx.o
                                                  build/obj/testsem.o
                                                  build/obj/chmboxes.o
                                                  build/obj/chevents.o
                                                  build/obj/chcond.o
                                                  build/obj/chmtx.o
                                                  build/obj/chsem.o
                                                  build/obj/chthreads.o
chSchWakeupS                                      build/obj/chschd.o
                                                  build/obj/testbmk.o
                                                  build/obj/chmsg.o
                                                  build/obj/chcond.o
                                                  build/obj/chmtx.o
                                                  build/obj/chsem.o
                                                  build/obj/chdynamic.o
                                                  build/obj/chthreads.o
chSemAddCounterI                                  build/obj/chsem.o
                                                  build/obj/testsem.o
chSemInit                                         build/obj/chsem.o
                                                  build/obj/testbmk.o
                                                  build/obj/testsem.o
                                                  build/obj/chmboxes.o
chSemReset                                        build/obj/chsem.o
                                                  build/obj/testbmk.o
                                                  build/obj/testsem.o
chSemResetI                                       build/obj/chsem.o
                                                  build/obj/chmboxes.o
chSemSignal                                       build/obj/chsem.o
                                                  build/obj/testbmk.o
                                                  build/obj/testsem.o
chSemSignalI                                      build/obj/chsem.o
                                                  build/obj/testsem.o
                                                  build/obj/chmboxes.o
chSemSignalWait                                   build/obj/chsem.o
                                                  build/obj/testsem.o
chSemWait                                         build/obj/chsem.o
                                                  build/obj/testbmk.o
                                                  build/obj/testsem.o
chSemWaitS                                        build/obj/chsem.o
chSemWaitTimeout                                  build/obj/chsem.o
                                                  build/obj/testsem.o
chSemWaitTimeoutS                                 build/obj/chsem.o
                                                  build/obj/chmboxes.o
chSysInit                                         build/obj/chsys.o
                                                  build/obj/main.o
chSysTimerHandlerI                                build/obj/chsys.o
                                                  build/obj/hal_lld.o
chThdAddRef                                       build/obj/chdynamic.o
                                                  build/obj/testdyn.o
chThdCreateFromHeap                               build/obj/chdynamic.o
                                                  build/obj/shell.o
                                                  build/obj/testdyn.o
chThdCreateI                                      build/obj/chthreads.o
                                                  build/obj/testthd.o
                                                  build/obj/chdynamic.o
chThdCreateStatic                                 build/obj/chthreads.o
                                                  build/obj/main.o
                                                  build/obj/shell.o
                                                  build/obj/testbmk.o
                                                  build/obj/testqueues.o
                                                  build/obj/testevt.o
                                                  build/obj/testmsg.o
                                                  build/obj/testmtx.o
                                                  build/obj/testsem.o
                                                  build/obj/testthd.o
                                                  build/obj/chsys.o
chThdExit                                         build/obj/chthreads.o
                                                  build/obj/chcoreasm.o
chThdExitS                                        build/obj/chthreads.o
                                                  build/obj/shell.o
chThdRelease                                      build/obj/chdynamic.o
                                                  build/obj/testdyn.o
                                                  build/obj/chregistry.o
                                                  build/obj/chthreads.o
chThdResume                                       build/obj/chthreads.o
                                                  build/obj/testthd.o
chThdSetPriority                                  build/obj/chthreads.o
                                                  build/obj/testthd.o
chThdSleep                                        build/obj/chthreads.o
                                                  build/obj/main.o
                                                  build/obj/testbmk.o
                                                  build/obj/testdyn.o
                                                  build/obj/testevt.o
                                                  build/obj/testmtx.o
                                                  build/obj/testsem.o
                                                  build/obj/testthd.o
                                                  build/obj/test.o
chThdSleepUntil                                   build/obj/chthreads.o
                                                  build/obj/testthd.o
chThdTerminate                                    build/obj/chthreads.o
                                                  build/obj/test.o
chThdWait                                         build/obj/chthreads.o
                                                  build/obj/main.o
                                                  build/obj/testbmk.o
                                                  build/obj/test.o
chThdYield                                        build/obj/chthreads.o
                                                  build/obj/testbmk.o
chTimeIsWithin                                    build/obj/chvt.o